<html>
<body>
<pre>
<h1>µVision Build Log</h1>
<h2>Tool Versions:</h2>
IDE-Version: µVision V5.26.2.0
Copyright (C) 2018 ARM Ltd and ARM Germany GmbH. All rights reserved.
License Information: Sanketh Saha, BITS Pilani, LIC=----
 
Tool Versions:
Toolchain:       MDK-Lite  Version: 5.26.2.0
Toolchain Path:  C:\Keil_v5\ARM\ARMCC\Bin
C Compiler:      Armcc.exe V5.06 update 6 (build 750)
Assembler:       Armasm.exe V5.06 update 6 (build 750)
Linker/Locator:  ArmLink.exe V5.06 update 6 (build 750)
Library Manager: ArmAr.exe V5.06 update 6 (build 750)
Hex Converter:   FromElf.exe V5.06 update 6 (build 750)
CPU DLL:         SARM.DLL V5.26.2.0
Dialog DLL:      DARMP.DLL V1.53.0.0
Target DLL:      UL2ARM.DLL V1.74.10.0
Dialog DLL:      TARMP.DLL V1.53.0.0
 
<h2>Project:</h2>
C:\Users\sanke\OneDrive\Desktop\Mtech BITS\Embedded system\Keil ARM assembly projects\2024ht01603\Assignment_01.uvproj
Project File Date:  03/10/2025

<h2>Output:</h2>
*** Using Compiler 'V5.06 update 6 (build 750)', folder: 'C:\Keil_v5\ARM\ARMCC\Bin'
Rebuild target 'Target 1'
assembling Q1_Code02.s...
Q1_Code02.s(23): warning: A1447W: Missing END directive at end of file, but found a label named END
Q1_Code02.s(18): warning: A1608W: MOV pc,<rn> instruction used, but BX <rn> is preferred
linking...
.\Objects\Assignment_01.sct(8): warning: L6314W: No section matches pattern *(InRoot$$Sections).
Program Size: Code=80 RO-data=0 RW-data=8 ZI-data=0  
Finished: 0 information, 1 warning and 0 error messages.
".\Objects\Assignment_01.axf" - 0 Error(s), 3 Warning(s).
Build Time Elapsed:  00:00:00
</pre>
</body>
</html>
