Component: ARM Compiler 5.06 update 6 (build 750) Tool: armlink [4d35ed]

==============================================================================

Section Cross References

    q3_analysis.o(RESET) refers to q3_analysis.o(mycode) for Reset_Handler


==============================================================================

Removing Unused input sections from the image.

    Removing q3_analysis.o(RESULT), (0 bytes).

1 unused section(s) (total 0 bytes) removed from the image.

==============================================================================

Image Symbol Table

    Local Symbols

    Symbol Name                              Value     Ov Type        Size  Object(Section)

    q3_analysis.s                            0x00000000   Number         0  q3_analysis.o ABSOLUTE
    RESET                                    0x08000000   Section       48  q3_analysis.o(RESET)
    mycode                                   0x08000030   Section       76  q3_analysis.o(mycode)
    $v0                                      0x08000030   Number         0  q3_analysis.o(mycode)
    SVC_Handler                              0x08000049   Thumb Code     0  q3_analysis.o(mycode)

    Global Symbols

    Symbol Name                              Value     Ov Type        Size  Object(Section)

    BuildAttributes$$THM_ISAv4$E$P$D$K$B$S$7EM$VFPi3$EXTD16$VFPS$VFMA$PE$A:L22UL41UL21$X:L11$S22US41US21$IEEE1$IW$USESV6$~STKCKD$USESV7$~SHL$OSPACE$EBA8$STANDARDLIB$EABIv2 0x00000000   Number         0  anon$$obj.o ABSOLUTE
    __Vectors                                0x08000000   Data           0  q3_analysis.o(RESET)
    Reset_Handler                            0x08000031   Thumb Code     0  q3_analysis.o(mycode)



==============================================================================

Memory Map of the image

  Image Entry point : 0x08000031

  Load Region LR_IROM1 (Base: 0x08000000, Size: 0x0000007c, Max: 0x00080000, ABSOLUTE)

    Execution Region ER_IROM1 (Exec base: 0x08000000, Load base: 0x08000000, Size: 0x0000007c, Max: 0x00080000, ABSOLUTE)

    Exec Addr    Load Addr    Size         Type   Attr      Idx    E Section Name        Object

    0x08000000   0x08000000   0x00000030   Code   RO            1    RESET               q3_analysis.o
    0x08000030   0x08000030   0x0000004c   Code   RO            2  * mycode              q3_analysis.o


    Execution Region RW_IRAM1 (Exec base: 0x20000000, Load base: 0x0800007c, Size: 0x00000000, Max: 0x00020000, ABSOLUTE)

    **** No section assigned to this execution region ****


==============================================================================

Image component sizes


      Code (inc. data)   RO Data    RW Data    ZI Data      Debug   Object Name

       124         54          0          0          0        576   q3_analysis.o

    ----------------------------------------------------------------------
       124         54          0          0          0        576   Object Totals
         0          0          0          0          0          0   (incl. Generated)
         0          0          0          0          0          0   (incl. Padding)

    ----------------------------------------------------------------------
         0          0          0          0          0          0   Library Totals
         0          0          0          0          0          0   (incl. Padding)

    ----------------------------------------------------------------------

==============================================================================


      Code (inc. data)   RO Data    RW Data    ZI Data      Debug   

       124         54          0          0          0        576   Grand Totals
       124         54          0          0          0        576   ELF Image Totals
       124         54          0          0          0          0   ROM Totals

==============================================================================

    Total RO  Size (Code + RO Data)                  124 (   0.12kB)
    Total RW  Size (RW Data + ZI Data)                 0 (   0.00kB)
    Total ROM Size (Code + RO Data + RW Data)        124 (   0.12kB)

==============================================================================

